|****************************SOCE_TEST REPORT************************************|
| Tested by	:	Marco Condori
| Date		:	mar 15 feb 2022 10:30:47 CET
|********************************************************************************|
| Serial number  :  12345                                                        |
| Product model  :  RELY_PCIe_LP                                                 |
| Product version  :  22.1.0beta1                                                |
| Device name  :  RELY_PCIe                                                      |
| Device location  :  Relyum                                                     |
| Contact info  :  support@relyum.com                                            |
|--------------------------------------------------------------------------------|
| HPS:
| SWITCH:
| Core version  :  21.01.1400                                                    |
|--------------------------------------------------------------------------------|
|
|****************************SOCE_TEST REPORT************************************|
PCAP                            Description                     Filter                                                      Expected Results PASS/FAIL
test_prp_13_3_captured_IF1.pcap  Total P2P Req messages in IF1  (ptp.v2.messageid == 0x2) && (eth.src == ec:46:70:00:7e:a2) 0        0       PASS
test_prp_13_3_captured_IF1.pcap  Total P2P Resp messages in IF1 (ptp.v2.messageid == 0x3)                                   0        0       PASS
test_prp_13_3_captured_IF2.pcap  Total P2P Req messages in IF2  (ptp.v2.messageid == 0x2) && (eth.src == ec:46:70:00:7e:a2) 0        0       PASS
test_prp_13_3_captured_IF2.pcap  Total P2P Resp messages in IF2 (ptp.v2.messageid == 0x3)                                   0        0       PASS
test_prp_13_3_captured_IF3.pcap  Total P2P Req messages in IF3  (ptp.v2.messageid == 0x2) && (eth.src == ec:46:70:00:7e:a2) 23       23      PASS
test_prp_13_3_captured_IF3.pcap  Total P2P Resp messages in IF3 (ptp.v2.messageid == 0x3)                                   23       23      PASS
