|****************************SOCE_TEST REPORT************************************|
| Tested by	:	Marco Condori
| Date		:	mar 15 feb 2022 10:23:04 CET
|********************************************************************************|
| Serial number  :  12345                                                        |
| Product model  :  RELY_PCIe_LP                                                 |
| Product version  :  22.1.0beta1                                                |
| Device name  :  RELY_PCIe                                                      |
| Device location  :  Relyum                                                     |
| Contact info  :  support@relyum.com                                            |
|--------------------------------------------------------------------------------|
| HPS:
| SWITCH:
| Core version  :  21.01.1400                                                    |
|--------------------------------------------------------------------------------|
|
|****************************SOCE_TEST REPORT************************************|
PCAP                           Description                     Filter                                                    Expected Results PASS/FAIL
test_prp_3_3_captured_IF2.pcap Total frames in Redundant B = 0 -                                                         0        0       PASS
test_prp_3_3_captured_IF3.pcap Total frames in Interlink = 1   -                                                         1        1       PASS
test_prp_3_3_captured_IF3.pcap Unicast frames                  eth.src==00:AA:AA:AA:AA:AA and eth.dst==00:BB:BB:BB:BB:BB 1        1       PASS
test_prp_3_3_captured_IF3.pcap Untagged frames                 !prp                                                      1        0       FAIL
test_prp_3_3_captured_IF3.pcap Frame size=100-6                frame.len==94                                             1        0       FAIL
