|****************************SOCE_TEST REPORT************************************|
| Tested by	:	Marco Condori
| Date		:	mar 15 feb 2022 10:22:40 CET
|********************************************************************************|
| Serial number  :  12345                                                        |
| Product model  :  RELY_PCIe_LP                                                 |
| Product version  :  22.1.0beta1                                                |
| Device name  :  RELY_PCIe                                                      |
| Device location  :  Relyum                                                     |
| Contact info  :  support@relyum.com                                            |
|--------------------------------------------------------------------------------|
| HPS:
| SWITCH:
| Core version  :  21.01.1400                                                    |
|--------------------------------------------------------------------------------|
|
|****************************SOCE_TEST REPORT************************************|
PCAP                           Description                      Filter                                                    Expected Results PASS/FAIL
test_prp_3_2_captured_IF1.pcap Total frames in Redundant A = 0  -                                                         0        0       PASS
test_prp_3_2_captured_IF3.pcap Total frames in Interlink = 1500 -                                                         1500     1500    PASS
test_prp_3_2_captured_IF3.pcap Unicast frames                   eth.src==00:AA:AA:AA:AA:AA and eth.dst==00:BB:BB:BB:BB:BB 1500     1500    PASS
test_prp_3_2_captured_IF3.pcap Untagged frames                  !prp                                                      1500     0       FAIL
test_prp_3_2_captured_IF3.pcap MIN size=60                      MIN(frame.len)frame.len                                   60       66      FAIL
test_prp_3_2_captured_IF3.pcap MAX size=1508                    MAX(frame.len)frame.len                                   1508     1514    FAIL
