|****************************SOCE_TEST REPORT************************************|
| Tested by	:	Marco Condori
| Date		:	lun 07 feb 2022 15:48:22 CET
|********************************************************************************|
| Serial number  :  123456                                                       |
| Product model  :  S3534                                                        |
| Product version  :  22.1.beta1                                                 |
| Device name  :  S3534                                                          |
| Device location  :  soc-e                                                      |
| Contact info  :  support@relyum.com                                            |
|--------------------------------------------------------------------------------|
| HPS:
| Core version  :  21.01.1300                                                    |
|--------------------------------------------------------------------------------|
| SWITCH:
| Core version  :  21.11.0600                                                    |
|--------------------------------------------------------------------------------|
|
|****************************SOCE_TEST REPORT************************************|
PCAP                            Description                    Filter                     Expected Results PASS/FAIL
test_hsr_10_1_captured_IF3.pcap Total frames in Interlink = 20 -                          20       20      PASS
test_hsr_10_1_captured_IF3.pcap Broadcast frames               eth.dst==FF:FF:FF:FF:FF:FF 20       20      PASS
test_hsr_10_1_captured_IF3.pcap Not HSR tagged                 !hsr                       20       20      PASS
