|****************************SOCE_TEST REPORT************************************|
| Tested by	:	Marco Condori
| Date		:	vie 04 feb 2022 10:20:03 CET
|********************************************************************************|
| Serial number  :  12345                                                        |
| Product model  :  RELY_PCIe_LP                                                 |
| Product version  :  22.1.0beta1                                                |
| Device name  :  RELY_PCIe                                                      |
| Device location  :  Relyum                                                     |
| Contact info  :  support@relyum.com                                            |
|--------------------------------------------------------------------------------|
| HPS:
| SWITCH:
| Core version  :  21.01.1400                                                    |
|--------------------------------------------------------------------------------|
|
|****************************SOCE_TEST REPORT************************************|
PCAP                           Description                    Filter                     Expected Results PASS/FAIL
test_hsr_9_3_captured_IF3.pcap Total frames in Interlink = 20 -                          20       20      PASS
test_hsr_9_3_captured_IF3.pcap Broadcast frames               eth.dst==FF:FF:FF:FF:FF:FF 20       20      PASS
test_hsr_9_3_captured_IF3.pcap Not HSR tagged                 !hsr                       20       20      PASS
